C51 COMPILER V9.01   MAIN                                                                  11/14/2013 14:13:47 PAGE 1   


C51 COMPILER V9.01, COMPILATION OF MODULE MAIN
OBJECT MODULE PLACED IN main.OBJ
COMPILER INVOKED BY: C:\Keil\C51\BIN\C51.EXE main.c BROWSE DEBUG OBJECTEXTEND

line level    source

   1          /**********************慧净电子智能小车例程************************
   2          *  平台：HJ-C51 HJ-1G HL-1 HJ-3G HJ-C52  + Keil uVision4 + STC89C52 + AT89S52
   3          *  名称：HL-1智能小车参考程序
   4          *  公司：慧净电子科技有限公司
   5          *  淘宝：http://shop37031453.taobao.com       
   6          *  网站：www.hjmcu.com    www.hlmcu.com
   7          *  编写
   8          *  日期：2008-8-08
   9          *   QQ : 398115088 121350852
  10          *  晶振:11.0592MHZ
  11          *  说明：免费开源，不提供源代码分析，有问题直接到慧净论坛交流
  12          *  论坛：
  13          *  硬件设置：要有自己动手能力，才能完成实验
  14          *  使用说明：根据下面IO口自己用杜邦线连接各种模块，可以自己修改各种模块IO口
  15          *  需要购买慧净电子智能小车相关模块才能做实验--请直接到慧净网站购买
  16          *  学习建议：请到慧净电子学习网WWW.HJMCU.COM免费下载52课《从零到项目开发学51单片机与C语言技术视频教程》 BT
             -下载3.63G
  17             重点提示：本程序只做参考，不提供技术支持，请自己研究吸收。
  18          
  19          
  20             HL-1与HL-1智能小车低盘本杜邦线接线方法，请一定照做，否则可能不工作，并烧毁小车。
  21          
  22             J3
  23             IN1--接到--实验板上的P1.2
  24             IN2--接到--实验板上的P1.3
  25             EN1--接到--实验板上的P1.4
  26             EN2--接到--实验板上的P1.5
  27             IN3--接到--实验板上的P1.6
  28             IN4--接到--实验板上的P1.7
  29             J4 
  30             IN5--接到--实验板上的P2.1
  31             IN6--接到--实验板上的P2.0
  32             J5
  33             OUT1--接到--实验板上的P3.2
  34             OUT2--接到--实验板上的P3.3
  35             OUT3--接到--实验板上的P3.4
  36             OUT4--接到--实验板上的P3.5
  37          
  38             电源接法----请注意核对，一定要100%正确，否则会烧坏HL-1实验板
  39             J17
  40             VCC--接到--实验板上的 TTL V 引脚
  41             GND--接到--实验板上的 TTL G 引脚
  42          ******************************************************************/
  43          #include<AT89X52.H>      //包含52单片机头文件
  44          //定义智能小车驱动模块输入IO
  45          sbit IN1 =      P1^2; // 高电平1 后退（反转）
  46          sbit IN2 =  P1^3; // 高电平1 前进（正转）
  47          
  48          sbit IN3 =      P1^6; // 高电平1 前进（正转）
  49          sbit IN4 =  P1^7; // 高电平1 后退（反转）
  50          
  51          sbit EN1 =      P1^4;   // 高电平使能 
  52          sbit EN2 =  P1^5;       // 高电平使能 
  53          
  54          //延时函数      
C51 COMPILER V9.01   MAIN                                                                  11/14/2013 14:13:47 PAGE 2   

  55             void delay(unsigned int k)
  56          {    
  57   1           unsigned int x,y;
  58   1               for(x=0;x<k;x++) 
  59   1                 for(y=0;y<2000;y++);
  60   1      }
  61          
  62          //小车前进函数
  63           void run(void)
  64           {
  65   1           IN1=0;             //左电机
  66   1               IN2=1;
  67   1               IN3=1;         //右电机
  68   1               IN4=0;
  69   1               EN1=1;
  70   1               EN2=1;
  71   1       }
  72          
  73          //主函数
  74          void main(void)
  75          {
  76   1         delay(100);
  77   1         run();   //调用前进函数
  78   1      
  79   1      while(1)//
  80   1      {
  81   2      }
  82   1      }


MODULE INFORMATION:   STATIC OVERLAYABLE
   CODE SIZE        =     57    ----
   CONSTANT SIZE    =   ----    ----
   XDATA SIZE       =   ----    ----
   PDATA SIZE       =   ----    ----
   DATA SIZE        =   ----    ----
   IDATA SIZE       =   ----    ----
   BIT SIZE         =   ----    ----
END OF MODULE INFORMATION.


C51 COMPILATION COMPLETE.  0 WARNING(S),  0 ERROR(S)
